[2026-03-29T00:58:04.171Z] Starting: game 4379091 → $27
[2026-03-29T00:58:06.169Z] Navigating to login...
[2026-03-29T00:58:11.413Z] CF challenge (1/20)...
[2026-03-29T00:58:12.925Z] CF challenge (2/20)...
[2026-03-29T00:58:14.433Z] CF challenge (3/20)...
[2026-03-29T00:58:15.949Z] CF challenge (4/20)...
[2026-03-29T00:58:17.465Z] CF challenge (5/20)...
[2026-03-29T00:58:18.973Z] CF challenge (6/20)...
[2026-03-29T00:58:20.475Z] CF challenge (7/20)...
[2026-03-29T00:58:21.979Z] CF challenge (8/20)...
[2026-03-29T00:58:23.483Z] CF challenge (9/20)...
[2026-03-29T00:58:24.992Z] CF challenge (10/20)...
[2026-03-29T00:58:26.497Z] CF challenge (11/20)...
[2026-03-29T00:58:28.014Z] CF challenge (12/20)...
[2026-03-29T00:58:29.524Z] CF challenge (13/20)...
[2026-03-29T00:58:31.026Z] CF challenge (14/20)...
[2026-03-29T00:58:32.536Z] CF challenge (15/20)...
[2026-03-29T00:58:34.043Z] CF challenge (16/20)...
[2026-03-29T00:58:35.545Z] CF challenge (17/20)...
[2026-03-29T00:58:37.054Z] CF challenge (18/20)...
[2026-03-29T00:58:38.567Z] CF challenge (19/20)...
[2026-03-29T00:58:40.077Z] CF challenge (20/20)...
[2026-03-29T00:58:41.591Z] Page title: Just a moment...
[2026-03-29T00:58:41.657Z] Login form not found — may already be logged in or CF blocked
[2026-03-29T00:58:41.704Z] Navigating to: https://itch.io/dashboard/game/4379091/edit
[2026-03-29T00:58:45.139Z] Edit page URL: https://itch.io/dashboard/game/4379091/edit
[2026-03-29T00:58:45.235Z] ERROR: price field not found
