[2026-03-27T04:47:16.795Z] Starting: set game 4420990 price to $19
[2026-03-27T04:47:19.012Z] Logging in...
[2026-03-27T04:47:21.629Z] ERROR: Cannot find login form. Check itchio-login-html file.
[2026-03-27T04:59:08.238Z] Starting: set game 4420990 price to $19
[2026-03-27T04:59:15.719Z] Logging in...
[2026-03-27T04:59:18.497Z] ERROR: Cannot find login form. Check itchio-login-html file.
[2026-03-27T04:59:45.719Z] Starting: set game 4420990 price to $19
[2026-03-27T04:59:47.023Z] Logging in...
[2026-03-27T04:59:47.351Z] Cloudflare challenge active (1/30) — waiting...
[2026-03-27T04:59:48.364Z] Cloudflare challenge active (2/30) — waiting...
[2026-03-27T04:59:49.375Z] Cloudflare challenge active (3/30) — waiting...
[2026-03-27T04:59:50.381Z] Cloudflare challenge active (4/30) — waiting...
[2026-03-27T04:59:51.398Z] Cloudflare challenge active (5/30) — waiting...
[2026-03-27T04:59:52.406Z] Cloudflare challenge active (6/30) — waiting...
[2026-03-27T04:59:53.421Z] Cloudflare challenge active (7/30) — waiting...
[2026-03-27T04:59:54.425Z] Cloudflare challenge active (8/30) — waiting...
[2026-03-27T04:59:55.431Z] Cloudflare challenge active (9/30) — waiting...
[2026-03-27T04:59:56.441Z] Cloudflare challenge active (10/30) — waiting...
[2026-03-27T04:59:57.448Z] Cloudflare challenge active (11/30) — waiting...
[2026-03-27T04:59:58.450Z] Cloudflare challenge active (12/30) — waiting...
[2026-03-27T04:59:59.459Z] Cloudflare challenge active (13/30) — waiting...
[2026-03-27T05:00:00.462Z] Cloudflare challenge active (14/30) — waiting...
[2026-03-27T05:00:01.468Z] Cloudflare challenge active (15/30) — waiting...
[2026-03-27T05:00:02.484Z] Cloudflare challenge active (16/30) — waiting...
[2026-03-27T05:00:03.494Z] Cloudflare challenge active (17/30) — waiting...
[2026-03-27T05:00:04.509Z] Cloudflare challenge active (18/30) — waiting...
[2026-03-27T05:00:05.512Z] Cloudflare challenge active (19/30) — waiting...
[2026-03-27T05:00:06.524Z] Cloudflare challenge active (20/30) — waiting...
[2026-03-27T05:00:07.543Z] Cloudflare challenge active (21/30) — waiting...
[2026-03-27T05:00:08.552Z] Cloudflare challenge active (22/30) — waiting...
[2026-03-27T05:00:09.566Z] Cloudflare challenge active (23/30) — waiting...
[2026-03-27T05:00:10.578Z] Cloudflare challenge active (24/30) — waiting...
[2026-03-27T05:00:11.594Z] Cloudflare challenge active (25/30) — waiting...
[2026-03-27T05:00:12.601Z] Cloudflare challenge active (26/30) — waiting...
[2026-03-27T05:00:13.612Z] Cloudflare challenge active (27/30) — waiting...
[2026-03-27T05:00:14.613Z] Cloudflare challenge active (28/30) — waiting...
[2026-03-27T05:00:15.628Z] Cloudflare challenge active (29/30) — waiting...
[2026-03-27T05:00:16.645Z] Cloudflare challenge active (30/30) — waiting...
[2026-03-27T05:00:19.711Z] ERROR: Cannot find login form. Check itchio-login-html file.
[2026-03-27T05:02:05.552Z] Starting: set game 4420990 price to $19
[2026-03-27T05:02:07.329Z] Logging in...
[2026-03-27T05:02:07.748Z] Cloudflare challenge active (1/30) — waiting...
[2026-03-27T05:02:08.762Z] Cloudflare challenge active (2/30) — waiting...
[2026-03-27T05:02:09.763Z] Cloudflare challenge active (3/30) — waiting...
[2026-03-27T05:02:10.774Z] Cloudflare challenge active (4/30) — waiting...
[2026-03-27T05:02:11.775Z] Cloudflare challenge active (5/30) — waiting...
[2026-03-27T05:02:12.792Z] Cloudflare challenge active (6/30) — waiting...
[2026-03-27T05:02:13.807Z] Cloudflare challenge active (7/30) — waiting...
[2026-03-27T05:02:14.822Z] Cloudflare challenge active (8/30) — waiting...
[2026-03-27T05:02:15.823Z] Cloudflare challenge active (9/30) — waiting...
[2026-03-27T05:02:16.825Z] Cloudflare challenge active (10/30) — waiting...
[2026-03-27T05:02:17.837Z] Cloudflare challenge active (11/30) — waiting...
[2026-03-27T05:02:18.855Z] Cloudflare challenge active (12/30) — waiting...
[2026-03-27T05:02:19.867Z] Cloudflare challenge active (13/30) — waiting...
[2026-03-27T05:02:20.872Z] Cloudflare challenge active (14/30) — waiting...
[2026-03-27T05:02:21.884Z] Cloudflare challenge active (15/30) — waiting...
[2026-03-27T05:02:22.888Z] Cloudflare challenge active (16/30) — waiting...
[2026-03-27T05:02:23.905Z] Cloudflare challenge active (17/30) — waiting...
[2026-03-27T05:02:24.920Z] Cloudflare challenge active (18/30) — waiting...
[2026-03-27T05:02:25.936Z] Cloudflare challenge active (19/30) — waiting...
[2026-03-27T05:02:26.948Z] Cloudflare challenge active (20/30) — waiting...
[2026-03-27T05:05:33.445Z] Starting: set game 4420990 price to $19
[2026-03-27T05:06:17.017Z] Starting: set game 4420990 price to $19
[2026-03-29T03:40:26.625Z] Starting: set game 4420990 price to $19
[2026-03-29T03:40:44.520Z] Starting: game 4420990 → $19
[2026-03-29T03:40:44.616Z] Navigating to login...
[2026-03-29T03:40:46.856Z] CF challenge (1/20)...
[2026-03-29T03:40:48.378Z] CF challenge (2/20)...
[2026-03-29T03:40:49.881Z] CF challenge (3/20)...
[2026-03-29T03:40:51.384Z] CF challenge (4/20)...
[2026-03-29T03:40:52.893Z] CF challenge (5/20)...
[2026-03-29T03:40:54.403Z] CF challenge (6/20)...
[2026-03-29T03:40:55.909Z] CF challenge (7/20)...
[2026-03-29T03:40:57.411Z] CF challenge (8/20)...
[2026-03-29T03:40:58.917Z] CF challenge (9/20)...
[2026-03-29T03:41:00.430Z] CF challenge (10/20)...
[2026-03-29T03:41:01.945Z] CF challenge (11/20)...
[2026-03-29T03:41:03.447Z] CF challenge (12/20)...
[2026-03-29T03:41:04.957Z] CF challenge (13/20)...
[2026-03-29T03:41:06.496Z] CF challenge (14/20)...
[2026-03-29T03:41:08.007Z] CF challenge (15/20)...
[2026-03-29T03:41:09.526Z] CF challenge (16/20)...
[2026-03-29T03:41:11.033Z] CF challenge (17/20)...
[2026-03-29T03:41:12.548Z] CF challenge (18/20)...
[2026-03-29T03:41:14.064Z] CF challenge (19/20)...
[2026-03-29T03:41:15.579Z] CF challenge (20/20)...
[2026-03-29T03:41:17.101Z] Page title: Just a moment...
[2026-03-29T03:41:17.566Z] Login form not found — may already be logged in or CF blocked
[2026-03-29T03:41:17.607Z] Navigating to: https://itch.io/dashboard/game/4420990/edit
[2026-03-29T03:41:21.540Z] Edit page URL: https://itch.io/dashboard/game/4420990/edit
[2026-03-29T03:41:21.739Z] ERROR: price field not found
